// Jest Snapshot v1, https://goo.gl/fbAQLP

exports[`Navbar should pass snapshot test 1`] = `
<nav
  className="bg-blue-700 border-b border-blue-500"
>
  <div
    className="mx-auto max-w-7xl px-2 sm:px-6 lg:px-8"
  >
    <div
      className="relative flex h-20 items-center justify-between"
    >
      <div
        className="absolute inset-y-0 left-0 flex items-center md:hidden"
      >
        <button
          aria-controls="mobile-menu"
          aria-expanded="false"
          className="relative inline-flex items-center justify-center rounded-md p-2 text-gray-400 hover:bg-gray-700 hover:text-white focus:outline-none focus:ring-2 focus:ring-inset focus:ring-white"
          id="mobile-dropdown-button"
          onClick={[Function]}
          type="button"
        >
          <span
            className="absolute -inset-0.5"
          />
          <span
            className="sr-only"
          >
            Open main menu
          </span>
          <svg
            aria-hidden="true"
            className="block h-6 w-6"
            fill="none"
            stroke="currentColor"
            strokeWidth="1.5"
            viewBox="0 0 24 24"
          >
            <path
              d="M3.75 6.75h16.5M3.75 12h16.5m-16.5 5.25h16.5"
              strokeLinecap="round"
              strokeLinejoin="round"
            />
          </svg>
        </button>
      </div>
      <div
        className="flex flex-1 items-center justify-center md:items-stretch md:justify-start"
      >
        <a
          className="flex flex-shrink-0 items-center"
          href="/"
        >
          <img
            alt="PropertyPulse"
            className="h-10 w-auto"
            data-nimg="1"
            data-testid="logo"
            decoding="async"
            height={40}
            loading="lazy"
            onError={[Function]}
            onLoad={[Function]}
            src="/_next/image?url=%2Fimg.jpg&w=96&q=75"
            srcSet="/_next/image?url=%2Fimg.jpg&w=48&q=75 1x, /_next/image?url=%2Fimg.jpg&w=96&q=75 2x"
            style={
              {
                "color": "transparent",
              }
            }
            width={40}
          />
          <span
            className="hidden md:block text-white text-2xl font-bold ml-2"
          >
            PropertyPulse
          </span>
        </a>
        <div
          className="hidden md:ml-6 md:block"
        >
          <div
            className="flex space-x-2"
          >
            <a
              className=" text-white hover:bg-gray-900 hover:text-white round px-3 py-2"
              href="/"
              onClick={[Function]}
              onMouseEnter={[Function]}
              onTouchStart={[Function]}
            >
              Home
            </a>
            <a
              className=" text-white hover:bg-gray-900 hover:text-white round px-3 py-2"
              href="/properties"
              onClick={[Function]}
              onMouseEnter={[Function]}
              onTouchStart={[Function]}
            >
              Properties
            </a>
            <a
              className=" text-white hover:bg-gray-900 hover:text-white round px-3 py-2"
              href="/properties/add"
              onClick={[Function]}
              onMouseEnter={[Function]}
              onTouchStart={[Function]}
            >
              Add Property
            </a>
          </div>
        </div>
      </div>
      <div
        className="absolute inset-y-0 right-0 flex items-center pr-2 md:static md:inset-auto md:ml-6 md:pr-0"
      >
        <a
          className="relative group"
          data-testid="notification"
          href="/messages"
          onClick={[Function]}
          onMouseEnter={[Function]}
          onTouchStart={[Function]}
        >
          <button
            className="relative rounded-full bg-gray-800 p-1 text-gray-400 hover:text-white focus:outline-none focus:ring-2 focus:ring-white focus:ring-offset-2 focus:ring-offset-gray-800"
            type="button"
          >
            <span
              className="absolute -inset-1.5"
            />
            <span
              className="sr-only"
            >
              View notifications
            </span>
            <svg
              aria-hidden="true"
              className="h-6 w-6"
              fill="none"
              stroke="currentColor"
              strokeWidth="1.5"
              viewBox="0 0 24 24"
            >
              <path
                d="M14.857 17.082a23.848 23.848 0 005.454-1.31A8.967 8.967 0 0118 9.75v-.7V9A6 6 0 006 9v.75a8.967 8.967 0 01-2.312 6.022c1.733.64 3.56 1.085 5.455 1.31m5.714 0a24.255 24.255 0 01-5.714 0m5.714 0a3 3 0 11-5.714 0"
                strokeLinecap="round"
                strokeLinejoin="round"
              />
            </svg>
          </button>
          <span
            className="absolute top-0 right-0 inline-flex items-center justify-center px-2 py-1 text-xs font-bold leading-none text-white transform translate-x-1/2 -translate-y-1/2 bg-red-600 rounded-full"
          >
            2
          </span>
        </a>
        <div
          className="relative ml-3"
        >
          <div>
            <button
              aria-expanded="false"
              aria-haspopup="true"
              className="relative flex rounded-full bg-gray-800 text-sm focus:outline-none focus:ring-2 focus:ring-white focus:ring-offset-2 focus:ring-offset-gray-800"
              id="user-menu-button"
              onClick={[Function]}
              type="button"
            >
              <span
                className="absolute -inset-1.5"
              />
              <span
                className="sr-only"
              >
                Open user menu
              </span>
              <img
                alt=""
                className="h-8 w-8 rounded-full"
                data-nimg="1"
                decoding="async"
                height={40}
                loading="lazy"
                onError={[Function]}
                onLoad={[Function]}
                src="/_next/image?url=%2Fimg.jpg&w=96&q=75"
                srcSet="/_next/image?url=%2Fimg.jpg&w=48&q=75 1x, /_next/image?url=%2Fimg.jpg&w=96&q=75 2x"
                style={
                  {
                    "color": "transparent",
                  }
                }
                width={40}
              />
            </button>
          </div>
        </div>
      </div>
    </div>
  </div>
</nav>
`;
